mirco@fiocchi:~$ su
Contraseña: 
root@fiocchi:/home/mirco# sudo add-apt-repository ppa:webupd8team/java
sudo: imposible resolver el anfitrión fiocchi
 Oracle Java (JDK) Installer (automatically downloads and installs Oracle JDK8). There are no actual Java files in this PPA.

Important -> Why Oracle Java 7 And 6 Installers No Longer Work: http://www.webupd8.org/2017/06/why-oracle-java-7-and-6-installers-no.html

Update: Oracle Java 9 has reached end of life: http://www.oracle.com/technetwork/java/javase/downloads/jdk9-downloads-3848520.html

The PPA supports Ubuntu 18.04, 17.10, 16.04, 14.04 and 12.04.

More info (and Ubuntu installation instructions):
- for Oracle Java 8: http://www.webupd8.org/2012/09/install-oracle-java-8-in-ubuntu-via-ppa.html

Debian installation instructions:
- Oracle Java 8: http://www.webupd8.org/2014/03/how-to-install-oracle-java-8-in-debian.html

For Oracle Java 10, see a different PPA: https://www.linuxuprising.com/2018/04/install-oracle-java-10-in-ubuntu-or.html
 Más información: https://launchpad.net/~webupd8team/+archive/ubuntu/java
Pulse [Intro] para continuar o ctrl-c para cancelar

gpg: anillo «/tmp/tmpjbl3lepl/secring.gpg» creado
gpg: anillo «/tmp/tmpjbl3lepl/pubring.gpg» creado
gpg: solicitando clave EEA14886 de hkp servidor keyserver.ubuntu.com
gpg: /tmp/tmpjbl3lepl/trustdb.gpg: se ha creado base de datos de confianza
gpg: clave EEA14886: clave pública "Launchpad VLC" importada
gpg: no se encuentran claves totalmente fiables
gpg: Cantidad total procesada: 1
gpg:               importadas: 1  (RSA: 1)
OK
root@fiocchi:/home/mirco# sudo apt-get update
sudo: imposible resolver el anfitrión fiocchi
Obj:1 http://ar.archive.ubuntu.com/ubuntu xenial InRelease
Des:2 http://ar.archive.ubuntu.com/ubuntu xenial-updates InRelease [109 kB]    
Obj:3 http://ppa.launchpad.net/eugenesan/ppa/ubuntu xenial InRelease           
Obj:4 http://repository.spotify.com stable InRelease                           
Des:5 http://security.ubuntu.com/ubuntu xenial-security InRelease [107 kB]     
Obj:6 https://apt.dockerproject.org/repo ubuntu-xenial InRelease               
Obj:7 https://deb.nodesource.com/node_8.x xenial InRelease                     
Obj:8 https://download.docker.com/linux/ubuntu xenial InRelease                
Ign:9 http://www.scootersoftware.com bcompare4 InRelease                       
Obj:10 http://ppa.launchpad.net/fkrull/deadsnakes/ubuntu xenial InRelease      
Obj:11 http://www.scootersoftware.com bcompare4 Release                        
Obj:12 http://ar.archive.ubuntu.com/ubuntu xenial-backports InRelease          
Obj:13 https://download.sublimetext.com apt/dev/ InRelease                     
Obj:15 http://ppa.launchpad.net/geany-dev/ppa/ubuntu xenial InRelease          
Obj:16 http://ppa.launchpad.net/git-core/ppa/ubuntu xenial InRelease          
Obj:17 http://ppa.launchpad.net/webupd8team/java/ubuntu xenial InRelease      
Obj:18 http://ppa.launchpad.net/webupd8team/sublime-text-3/ubuntu xenial InRelease
Descargados 216 kB en 3s (64,5 kB/s)              
Leyendo lista de paquetes... Hecho
root@fiocchi:/home/mirco# sudo apt-get install oracle-java8-installer
sudo: imposible resolver el anfitrión fiocchi
Leyendo lista de paquetes... Hecho
Creando árbol de dependencias       
Leyendo la información de estado... Hecho
oracle-java8-installer ya está en su versión más reciente (8u181-1~webupd8~1).
Los paquetes indicados a continuación se instalaron de forma automática y ya no son necesarios.
  bridge-utils gyp libjs-inherits libjs-node-uuid libjs-underscore libllvm5.0
  libuv1 libuv1-dev linux-headers-4.13.0-45 linux-headers-4.13.0-45-generic
  linux-image-4.13.0-45-generic linux-image-extra-4.13.0-45-generic
  node-ansi-color-table node-archy node-async node-block-stream
  node-combined-stream node-cookie-jar node-delayed-stream node-forever-agent
  node-form-data node-fstream node-fstream-ignore node-github-url-from-git
  node-glob node-graceful-fs node-gyp node-inherits node-ini
  node-json-stringify-safe node-lockfile node-lru-cache node-minimatch
  node-mute-stream node-node-uuid node-nopt node-normalize-package-data
  node-npmlog node-once node-osenv node-read node-read-package-json
  node-request node-retry node-rimraf node-semver node-sha node-sigmund
  node-slide node-tar node-tunnel-agent node-underscore node-which ubuntu-fan
Utilice «sudo apt autoremove» para eliminarlos.
0 actualizados, 0 nuevos se instalarán, 0 para eliminar y 3 no actualizados.
root@fiocchi:/home/mirco# java -version
java version "1.8.0_181"
Java(TM) SE Runtime Environment (build 1.8.0_181-b13)
Java HotSpot(TM) 64-Bit Server VM (build 25.181-b13, mixed mode)
root@fiocchi:/home/mirco# ^C
root@fiocchi:/home/mirco# 
mirco@fiocchi:~$ su
Contraseña: 
su: Fallo de autenticación
mirco@fiocchi:~$ su
Contraseña: 
su: Fallo de autenticación
mirco@fiocchi:~$ su
Contraseña: 
root@fiocchi:/home/mirco# cd opt
bash: cd: opt: No existe el archivo o el directorio
root@fiocchi:/home/mirco# cd /opt/
root@fiocchi:/opt# ls
apache-ant-1.10.5             clion-2018.1.3  sublime_text
apache-ant-1.10.5-bin.tar.gz  staruml
root@fiocchi:/opt# ls -l
total 5984
drwxr-xr-x 6 mirco root    4096 jul 10 01:49 apache-ant-1.10.5
-rw-r--r-- 1 root  root 6108214 jul 13 07:10 apache-ant-1.10.5-bin.tar.gz
drwxr-xr-x 8 root  root    4096 may 25 17:41 clion-2018.1.3
drwxr-xr-x 9 root  root    4096 may 10 09:07 staruml
drwxr-xr-x 4 root  root    4096 ago 14 15:11 sublime_text
root@fiocchi:/opt# cd apache-ant-1.10.5
root@fiocchi:/opt/apache-ant-1.10.5# ls
bin               etc         INSTALL  LICENSE  patch.xml
CONTRIBUTORS      fetch.xml   KEYS     manual   README
contributors.xml  get-m2.xml  lib      NOTICE   WHATSNEW
root@fiocchi:/opt/apache-ant-1.10.5# cd bin
root@fiocchi:/opt/apache-ant-1.10.5/bin# ls
ant      antenv.cmd  antRun.pl            lcp.bat    runrc.cmd
ant.bat  antRun      complete-ant-cmd.pl  runant.pl
ant.cmd  antRun.bat  envset.cmd           runant.py
root@fiocchi:/opt/apache-ant-1.10.5/bin# gedit /etc/profile

(gedit:3625): dconf-WARNING **: failed to commit changes to dconf: La conexión está cerrada

(gedit:3625): dconf-WARNING **: failed to commit changes to dconf: La conexión está cerrada
Error creating proxy: La conexión está cerrada (g-io-error-quark, 18)
Error creating proxy: La conexión está cerrada (g-io-error-quark, 18)
Error creating proxy: La conexión está cerrada (g-io-error-quark, 18)
Error creating proxy: La conexión está cerrada (g-io-error-quark, 18)
Error creating proxy: La conexión está cerrada (g-io-error-quark, 18)

(gedit:3625): GLib-GIO-CRITICAL **: g_dbus_connection_register_object: assertion 'G_IS_DBUS_CONNECTION (connection)' failed

(gedit:3625): GLib-GIO-CRITICAL **: g_dbus_connection_register_object: assertion 'G_IS_DBUS_CONNECTION (connection)' failed

(gedit:3625): GLib-GIO-CRITICAL **: g_dbus_connection_get_unique_name: assertion 'G_IS_DBUS_CONNECTION (connection)' failed

(gedit:3625): dconf-WARNING **: failed to commit changes to dconf: La conexión está cerrada

(gedit:3625): dconf-WARNING **: failed to commit changes to dconf: La conexión está cerrada

(gedit:3625): dconf-WARNING **: failed to commit changes to dconf: La conexión está cerrada

** (gedit:3625): WARNING **: Set document metadata failed: Establecer el atributo metadata::gedit-position no está soportado

(gedit:3625): dconf-WARNING **: failed to commit changes to dconf: La conexión está cerrada
root@fiocchi:/opt/apache-ant-1.10.5/bin# 

mirco@fiocchi:~$ mvn --version
Apache Maven 3.3.9
Maven home: /usr/share/maven
Java version: 1.8.0_181, vendor: Oracle Corporation
Java home: /usr/lib/jvm/java-8-oracle/jre
Default locale: es_AR, platform encoding: UTF-8
OS name: "linux", version: "4.15.0-32-generic", arch: "amd64", family: "unix"
mirco@fiocchi:~$ 

mirco@fiocchi:~$ mvn clean install
[INFO] Scanning for projects...
[INFO] ------------------------------------------------------------------------
[INFO] BUILD FAILURE
[INFO] ------------------------------------------------------------------------
[INFO] Total time: 0.088 s
[INFO] Finished at: 2018-08-27T22:23:04-03:00
[INFO] Final Memory: 7M/303M
[INFO] ------------------------------------------------------------------------
[ERROR] The goal you specified requires a project to execute but there is no POM in this directory (/home/mirco). Please verify you invoked Maven from the correct directory. -> [Help 1]
[ERROR] 
[ERROR] To see the full stack trace of the errors, re-run Maven with the -e switch.
[ERROR] Re-run Maven using the -X switch to enable full debug logging.
[ERROR] 
[ERROR] For more information about the errors and possible solutions, please read the following articles:
[ERROR] [Help 1] http://cwiki.apache.org/confluence/display/MAVEN/MissingProjectException
mirco@fiocchi:~$ 
